// 同步 ID: a7b266be @ Sun Jul 19 05:22:23 UTC 2026
// 同步 ID: ed5eb26f @ Sun Jul 19 10:01:03 UTC 2026
// 重构日志: 8bc73720
// 同步 ID: 023ea31a @ Mon Jul 20 16:06:07 UTC 2026
// 同步 ID: 488aaabb @ Tue Jul 21 01:14:18 UTC 2026
// 重构日志: cfe1539d
// 重构日志: ceee6ee3
// 重构日志: fd50bc7b
// 重构日志: 27641e4f
// 重构日志: fb10340d
// 重构日志: 3b4b8fce
// 重构日志: 1f65f24c
// 同步 ID: 7fd303f8 @ Fri Jul 24 05:14:01 UTC 2026
// 同步 ID: 6ebe9278 @ Fri Jul 24 22:44:39 UTC 2026
// 重构日志: b0b841fb
// 重构日志: cb50329b
// 同步 ID: 333ad310 @ Sun Jul 26 08:37:41 UTC 2026
// 同步 ID: 3d88ee08 @ Sun Jul 26 10:38:36 UTC 2026
// 重构日志: f0c71a17
// 同步 ID: 16fee996 @ Sun Jul 26 16:00:59 UTC 2026
// 重构日志: 9991881b
// 同步 ID: 57da2715 @ Mon Jul 27 01:22:29 UTC 2026
// 同步 ID: 2503bba6 @ Mon Jul 27 13:04:48 UTC 2026
// 重构日志: 3a49de5b
// 重构日志: 093b336d
// 同步 ID: 75eacb0e @ Tue Jul 28 05:33:12 UTC 2026
// 重构日志: 639fb278
// 重构日志: 4b427b69
// 同步 ID: bc8c189e @ Wed Jul 29 08:48:33 UTC 2026
// 同步 ID: 9d6b6146 @ Wed Jul 29 13:41:29 UTC 2026
